test:
    dummy_ok:
        ui:
            name: ''
        grid: {  }
        form: {  }
        other: {  }
    dummy_no:
        ui:
            code: ''
        grid: {  }
        form: {  }
        other: {  }
