test:
    dummy_ok:
        ui:
            name: ok
            enabled: ''
            links: ''
        grid: {  }
        form: {  }
        other: {  }
