test:
    dummy_ok:
        ui:
            name: ''
            enabled: ''
            links: ''
        grid: {  }
        form: {  }
        other: {  }
